// Jest Snapshot v1, https://goo.gl/fbAQLP

exports[`Row matches snapshot: Row 1`] = `
<div
  className="nhsuk-grid-row"
/>
`;
