// Jest Snapshot v1, https://goo.gl/fbAQLP

exports[`Hint matches snapshot: Hint 1`] = `
<span
  className="nhsuk-hint"
>
  Text
</span>
`;
